Info: Starting: Create block symbol file (.bsf)
Info: qsys-generate /home/corsi/Dev/Sdram/SDRAM/src/sdram.qsys --block-symbol-file --output-directory=/home/corsi/Dev/Sdram/SDRAM/src/sdram --family="Cyclone IV E" --part=EP4CE22F17C6
Progress: Loading src/sdram.qsys
Progress: Reading input file
Progress: Adding altpll [altpll 16.1]
Progress: Parameterizing module altpll
Progress: Adding clk_50 [clock_source 16.1]
Progress: Parameterizing module clk_50
Progress: Adding clock_bridge_0 [altera_clock_bridge 16.1]
Progress: Parameterizing module clock_bridge_0
Progress: Adding sdram [altera_avalon_new_sdram_controller 16.1]
Progress: Parameterizing module sdram
Progress: Building connections
Progress: Parameterizing connections
Progress: Validating
Progress: Done reading input file
Info: sdram.sdram: SDRAM Controller will only be supported in Quartus Prime Standard Edition in the future release.
Warning: sdram.altpll: altpll.pll_slave must be connected to an Avalon-MM master
Warning: sdram.: You have exported the interface sdram.s1 but not its associated clock interface.  Export the driver of sdram.clk
Info: qsys-generate succeeded.
Info: Finished: Create block symbol file (.bsf)
Info: 
Info: Starting: Create HDL design files for synthesis
Info: qsys-generate /home/corsi/Dev/Sdram/SDRAM/src/sdram.qsys --synthesis=VERILOG --output-directory=/home/corsi/Dev/Sdram/SDRAM/src/sdram/synthesis --family="Cyclone IV E" --part=EP4CE22F17C6
Progress: Loading src/sdram.qsys
Progress: Reading input file
Progress: Adding altpll [altpll 16.1]
Progress: Parameterizing module altpll
Progress: Adding clk_50 [clock_source 16.1]
Progress: Parameterizing module clk_50
Progress: Adding clock_bridge_0 [altera_clock_bridge 16.1]
Progress: Parameterizing module clock_bridge_0
Progress: Adding sdram [altera_avalon_new_sdram_controller 16.1]
Progress: Parameterizing module sdram
Progress: Building connections
Progress: Parameterizing connections
Progress: Validating
Progress: Done reading input file
Info: sdram.sdram: SDRAM Controller will only be supported in Quartus Prime Standard Edition in the future release.
Warning: sdram.altpll: altpll.pll_slave must be connected to an Avalon-MM master
Warning: sdram.: You have exported the interface sdram.s1 but not its associated clock interface.  Export the driver of sdram.clk
Info: sdram: Generating sdram "sdram" for QUARTUS_SYNTH
Info: altpll: "sdram" instantiated altpll "altpll"
Info: sdram: Starting RTL generation for module 'sdram_sdram'
Info: sdram:   Generation command is [exec /home/corsi/Opt/Altera/16.1/quartus/linux64/perl/bin/perl -I /home/corsi/Opt/Altera/16.1/quartus/linux64/perl/lib -I /home/corsi/Opt/Altera/16.1/quartus/sopc_builder/bin/europa -I /home/corsi/Opt/Altera/16.1/quartus/sopc_builder/bin/perl_lib -I /home/corsi/Opt/Altera/16.1/quartus/sopc_builder/bin -I /home/corsi/Opt/Altera/16.1/quartus/../ip/altera/sopc_builder_ip/common -I /home/corsi/Opt/Altera/16.1/quartus/../ip/altera/sopc_builder_ip/altera_avalon_new_sdram_controller -- /home/corsi/Opt/Altera/16.1/quartus/../ip/altera/sopc_builder_ip/altera_avalon_new_sdram_controller/generate_rtl.pl --name=sdram_sdram --dir=/tmp/alt7194_8861480324214488576.dir/0003_sdram_gen/ --quartus_dir=/home/corsi/Opt/Altera/16.1/quartus --verilog --config=/tmp/alt7194_8861480324214488576.dir/0003_sdram_gen//sdram_sdram_component_configuration.pl  --do_build_sim=0  ]
Info: sdram: Done RTL generation for module 'sdram_sdram'
Info: sdram: "sdram" instantiated altera_avalon_new_sdram_controller "sdram"
Info: rst_controller: "sdram" instantiated altera_reset_controller "rst_controller"
Info: sdram: Done "sdram" with 4 modules, 7 files
Info: qsys-generate succeeded.
Info: Finished: Create HDL design files for synthesis
